-DP: right, CC: left
PUSH 3   // 3
DUP      // 3 3
DUP      // 3 3 3
DUP      // 3 3 3 3
+        // 3 3 6
DUP      // 3 3 6 6
*        // 3 3 36
DUP      // 3 3 36 36
+        // 3 3 72
OUT(ch)  // 3 3         out: H
*        // 9
PUSH 1   // 9 1
+        // 10
DUP      // 10 10
DUP      // 10 10 10
*        // 10 100
DUP      // 10 100 100
PUSH 1   // 10 100 100 1
+        // 10 100 101
OUT      // 10 100      out: e
-DP: right, CC: right
-DP: down, CC: right
DUP      // 10 100 100
PUSH 2   // 10 100 100 2

